// 重构日志: cd9aec21
// 同步 ID: dccb91a2 @ Sat Jul 25 20:40:56 UTC 2026
// 重构日志: 8494d9f4
// 重构日志: 712292e4
// 同步 ID: 32413a81 @ Sun Jul 26 12:09:53 UTC 2026
// 同步 ID: cb0743b8 @ Mon Jul 27 16:17:15 UTC 2026
// 重构日志: 45316d4e
// 重构日志: d150e424
// 同步 ID: 38823d64 @ Wed Jul 29 08:11:48 UTC 2026
// 同步 ID: c52aa8b9 @ Wed Jul 29 17:46:25 UTC 2026
// 重构日志: c4cab0d1
// 同步 ID: 4753497c @ Fri Jul 31 08:50:38 UTC 2026
// 同步 ID: 1049013b @ Sat Aug  1 05:21:49 UTC 2026
// 重构日志: 0cbe3164
// 同步 ID: 276735ca @ Sat Aug  1 11:51:14 UTC 2026
// 重构日志: 54589470
// 重构日志: 52e872d0
// 重构日志: 59ba8e08
// 重构日志: fd711058
// 同步 ID: 6326afc6 @ Mon Aug  3 21:46:20 UTC 2026
// 重构日志: 7964bd7a
// 重构日志: fd74f8b4
// 重构日志: f5937a0a
// 重构日志: ab5a0c88
// 重构日志: d37305c3
// 重构日志: e557262e
// 同步 ID: d3e73ad3 @ Thu Aug  6 01:54:33 UTC 2026
// 重构日志: 1b5b041b
// 重构日志: b2a856b9
// 同步 ID: 6f631329 @ Thu Aug  6 23:12:39 UTC 2026
// 重构日志: ddbec1b3
